[davur.dexignzone.com/frontend/front-home.html]
[backblue.gif]
[fade.gif]
[index.html]
[davur.dexignzone.com/frontend/images/favicon.png]
[cdn.lineicons.com/2.0/LineIcons.css]
[davur.dexignzone.com/frontend/front-dashboard.html]
[davur.dexignzone.com/frontend/images/logo-text.png]
[davur.dexignzone.com/frontend/images/avatar/1.jpg]
[davur.dexignzone.com/frontend/front-transactions.html]
[davur.dexignzone.com/frontend/front-booking.html]
[davur.dexignzone.com/frontend/front-orders_status.html]
[davur.dexignzone.com/frontend/front-people.html]
[davur.dexignzone.com/frontend/front-wallet.html]
[davur.dexignzone.com/frontend/front-food-items.html]
[davur.dexignzone.com/frontend/front-reviews.html]
[davur.dexignzone.com/frontend/front-authentication.html]
[davur.dexignzone.com/frontend/front-setting.html]
[davur.dexignzone.com/frontend/front-support.html]
[davur.dexignzone.com/frontend/front-terms_conditions.html]
[davur.dexignzone.com/frontend/front-login.html]
[davur.dexignzone.com/frontend/images/counter.jpg]
[davur.dexignzone.com/frontend/images/food-icon/1.png]
[davur.dexignzone.com/frontend/images/food-icon/2.png]
[davur.dexignzone.com/frontend/images/food-icon/3.png]
[davur.dexignzone.com/frontend/images/food-icon/4.png]
[davur.dexignzone.com/frontend/images/food-icon/5.png]
[davur.dexignzone.com/frontend/images/food-icon/6.png]
[davur.dexignzone.com/frontend/images/food-icon/7.png]
[davur.dexignzone.com/frontend/images/dish/1.jpg]
[davur.dexignzone.com/frontend/images/veg.png]
[davur.dexignzone.com/frontend/images/dish/2.jpg]
[davur.dexignzone.com/frontend/images/dish/3.jpg]
[davur.dexignzone.com/frontend/images/dish/4.jpg]
[davur.dexignzone.com/frontend/images/dish/5.jpg]
[davur.dexignzone.com/frontend/images/dish/6.jpg]
[davur.dexignzone.com/frontend/images/dish/7.jpg]
[davur.dexignzone.com/frontend/images/dish/8.jpg]
[davur.dexignzone.com/frontend/front-home.html]
[davur.dexignzone.com/frontend/vendor/bootstrap-select/dist/css/bootstrap-select.min.css]
[davur.dexignzone.com/frontend/vendor/owl-carousel/owl.carousel.css]
[davur.dexignzone.com/frontend/vendor/bootstrap-touchspin/css/jquery.bootstrap-touchspin.min.css]
[davur.dexignzone.com/frontend/vendor/swiper/css/swiper-bundle.css]
[davur.dexignzone.com/frontend/images/1.jpg]
[davur.dexignzone.com/frontend/images/like.png]
[davur.dexignzone.com/frontend/css/style.css]
[cdn.lineicons.com/2.0/fonts/LineIcons.eot]
[cdn.lineicons.com/2.0/fonts/LineIcons.woff2]
[cdn.lineicons.com/2.0/fonts/LineIcons.woff]
[cdn.lineicons.com/2.0/fonts/LineIcons.ttf]
[cdn.lineicons.com/2.0/LineIcons.css]
[cdn.lineicons.com/2.0/fonts/LineIcons.svg]
[davur.dexignzone.com/frontend/images/food-icon/8.png]
[davur.dexignzone.com/frontend/images/food-icon/9.png]
[davur.dexignzone.com/frontend/images/food-icon/10.png]
[davur.dexignzone.com/frontend/images/dish/pic5.jpg]
[davur.dexignzone.com/frontend/images/dish/pic4.jpg]
[davur.dexignzone.com/frontend/images/dish/pic3.jpg]
[davur.dexignzone.com/frontend/images/dish/pic2.jpg]
[davur.dexignzone.com/frontend/front-dashboard.html]
[davur.dexignzone.com/frontend/front-transactions.html]
[davur.dexignzone.com/frontend/front-booking.html]
[davur.dexignzone.com/frontend/front-orders_status.html]
[davur.dexignzone.com/frontend/front-people.html]
[davur.dexignzone.com/frontend/front-wallet.html]
[davur.dexignzone.com/frontend/front-food-items.html]
[davur.dexignzone.com/frontend/front-reviews.html]
[davur.dexignzone.com/frontend/ajax/front-authentication.html]
[davur.dexignzone.com/frontend/front-authentication.html]
[davur.dexignzone.com/frontend/front-setting.html]
[davur.dexignzone.com/frontend/images/24x7.png]
[davur.dexignzone.com/frontend/front-support.html]
[davur.dexignzone.com/frontend/images/terms-condition.png]
[davur.dexignzone.com/frontend/front-terms_conditions.html]
[davur.dexignzone.com/frontend/images/login.jpg]
[davur.dexignzone.com/frontend/page-register.html]
[davur.dexignzone.com/frontend/front-login.html]
[davur.dexignzone.com/frontend/vendor/global/global.min.js]
[davur.dexignzone.com/frontend/vendor/bootstrap-select/dist/js/bootstrap-select.min.js]
[davur.dexignzone.com/frontend/vendor/waypoints/jquery.waypoints.min.js]
[davur.dexignzone.com/frontend/vendor/jquery.counterup/jquery.counterup.min.js]
[davur.dexignzone.com/frontend/vendor/owl-carousel/owl.carousel.js]
[davur.dexignzone.com/frontend/vendor/bootstrap-touchspin/js/jquery.bootstrap-touchspin.min.js]
[dzassets.s3.amazonaws.com/w3-global8bb6.js]
[davur.dexignzone.com/frontend/js/custom.js]
[davur.dexignzone.com/frontend/js/deznav-init.js]
[davur.dexignzone.com/frontend/icons/simple-line-icons/fonts/Simple-Line-Icons4c824c82.eot]
[davur.dexignzone.com/frontend/icons/simple-line-icons/fonts/Simple-Line-Iconsd41dd41d.eot]
[davur.dexignzone.com/frontend/icons/simple-line-icons/fonts/Simple-Line-Icons4c824c82.ttf]
[davur.dexignzone.com/frontend/icons/simple-line-icons/fonts/Simple-Line-Icons4c824c82.woff2]
[davur.dexignzone.com/frontend/icons/simple-line-icons/fonts/Simple-Line-Icons4c824c82.woff]
[davur.dexignzone.com/frontend/icons/simple-line-icons/css/simple-line-icons.css]
[davur.dexignzone.com/frontend/icons/font-awesome/webfonts/fa-brands-400.eot]
[davur.dexignzone.com/frontend/icons/font-awesome/webfonts/fa-brands-400d41d.eot]
[davur.dexignzone.com/frontend/icons/font-awesome/webfonts/fa-brands-400.woff2]
[davur.dexignzone.com/frontend/icons/font-awesome/webfonts/fa-brands-400.woff]
[davur.dexignzone.com/frontend/icons/font-awesome/webfonts/fa-brands-400.ttf]
[davur.dexignzone.com/frontend/icons/font-awesome/webfonts/fa-regular-400.eot]
[davur.dexignzone.com/frontend/icons/font-awesome/webfonts/fa-regular-400d41d.eot]
[davur.dexignzone.com/frontend/icons/font-awesome/webfonts/fa-regular-400.woff2]
[davur.dexignzone.com/frontend/icons/font-awesome/webfonts/fa-regular-400.woff]
[davur.dexignzone.com/frontend/icons/font-awesome/webfonts/fa-regular-400.ttf]
[davur.dexignzone.com/frontend/icons/font-awesome/webfonts/fa-solid-900.eot]
[davur.dexignzone.com/frontend/icons/font-awesome/webfonts/fa-solid-900d41d.eot]
[davur.dexignzone.com/frontend/icons/font-awesome/webfonts/fa-solid-900.woff2]
[davur.dexignzone.com/frontend/icons/font-awesome/webfonts/fa-solid-900.woff]
[davur.dexignzone.com/frontend/icons/font-awesome/webfonts/fa-solid-900.ttf]
[davur.dexignzone.com/frontend/icons/font-awesome/css/all.min.css]
[davur.dexignzone.com/frontend/icons/material-design-iconic-font/fonts/materialdesignicons-webfont683c.eot]
[davur.dexignzone.com/frontend/icons/material-design-iconic-font/fonts/materialdesignicons-webfontd41d.eot]
[davur.dexignzone.com/frontend/icons/material-design-iconic-font/fonts/materialdesignicons-webfont683c.woff2]
[davur.dexignzone.com/frontend/icons/material-design-iconic-font/fonts/materialdesignicons-webfont683c.woff]
[davur.dexignzone.com/frontend/icons/material-design-iconic-font/fonts/materialdesignicons-webfont683c.ttf]
[davur.dexignzone.com/frontend/icons/material-design-iconic-font/css/materialdesignicons.min.css]
[davur.dexignzone.com/frontend/icons/themify-icons/fonts/themify9f249f24.eot]
[davur.dexignzone.com/frontend/icons/themify-icons/fonts/themifyd41dd41d.eot]
[davur.dexignzone.com/frontend/icons/themify-icons/fonts/themify.woff]
[davur.dexignzone.com/frontend/icons/themify-icons/fonts/themify.ttf]
[davur.dexignzone.com/frontend/icons/themify-icons/css/themify-icons.css]
[davur.dexignzone.com/frontend/icons/line-awesome/fonts/la-brands-400.eot]
[davur.dexignzone.com/frontend/icons/line-awesome/fonts/la-brands-400d41d.eot]
[davur.dexignzone.com/frontend/icons/line-awesome/fonts/la-brands-400.woff2]
[davur.dexignzone.com/frontend/icons/line-awesome/fonts/la-brands-400.woff]
[davur.dexignzone.com/frontend/icons/line-awesome/fonts/la-brands-400.ttf]
[davur.dexignzone.com/frontend/icons/line-awesome/fonts/la-regular-400.eot]
[davur.dexignzone.com/frontend/icons/line-awesome/fonts/la-regular-400d41d.eot]
[davur.dexignzone.com/frontend/icons/line-awesome/fonts/la-regular-400.woff2]
[davur.dexignzone.com/frontend/icons/line-awesome/fonts/la-regular-400.woff]
[davur.dexignzone.com/frontend/icons/line-awesome/fonts/la-regular-400.ttf]
[davur.dexignzone.com/frontend/icons/line-awesome/fonts/la-solid-900.eot]
[davur.dexignzone.com/frontend/icons/line-awesome/fonts/la-solid-900d41d.eot]
[davur.dexignzone.com/frontend/icons/line-awesome/fonts/la-solid-900.woff2]
[davur.dexignzone.com/frontend/icons/line-awesome/fonts/la-solid-900.woff]
[davur.dexignzone.com/frontend/icons/line-awesome/fonts/la-solid-900.ttf]
[davur.dexignzone.com/frontend/icons/line-awesome/css/line-awesome.min.css]
[davur.dexignzone.com/frontend/icons/avasta/fonts/avasta.eot]
[davur.dexignzone.com/frontend/icons/avasta/fonts/avasta.woff2]
[davur.dexignzone.com/frontend/icons/avasta/fonts/avasta.woff]
[davur.dexignzone.com/frontend/icons/avasta/fonts/avasta.ttf]
[davur.dexignzone.com/frontend/icons/avasta/css/style.css]
[davur.dexignzone.com/frontend/icons/flaticon/Flaticon.eot]
[davur.dexignzone.com/frontend/icons/flaticon/Flaticond41d.eot]
[davur.dexignzone.com/frontend/icons/flaticon/Flaticon.woff]
[davur.dexignzone.com/frontend/icons/flaticon/Flaticon.ttf]
[davur.dexignzone.com/frontend/icons/flaticon/flaticon.css]
[davur.dexignzone.com/frontend/icons/icomoon/fonts/icomoon.eot]
[davur.dexignzone.com/frontend/icons/icomoon/fonts/icomoon.ttf]
[davur.dexignzone.com/frontend/icons/icomoon/fonts/icomoon.woff]
[davur.dexignzone.com/frontend/icons/icomoon/icomoon.css]
[davur.dexignzone.com/frontend/vendor/animate/animate.min.css]
[davur.dexignzone.com/frontend/vendor/aos/css/aos.min.css]
[davur.dexignzone.com/frontend/vendor/perfect-scrollbar/css/perfect-scrollbar.css]
[davur.dexignzone.com/frontend/vendor/metismenu/css/metisMenu.min.css]
[cdn.lineicons.com/2.0/fonts/LineIcons.svg]
[davur.dexignzone.com/frontend/vendor/chart.js/Chart.bundle.min.js]
[davur.dexignzone.com/frontend/vendor/apexchart/apexchart.js]
[davur.dexignzone.com/frontend/js/dashboard/dashboard.js]
[davur.dexignzone.com/frontend/js/custom.min.js]
[davur.dexignzone.com/frontend/vendor/datatables/images/sort_both.png]
[davur.dexignzone.com/frontend/vendor/datatables/images/sort_asc.png]
[davur.dexignzone.com/frontend/vendor/datatables/images/sort_desc.png]
[davur.dexignzone.com/frontend/vendor/datatables/images/sort_asc_disabled.png]
[davur.dexignzone.com/frontend/vendor/datatables/images/sort_desc_disabled.png]
[davur.dexignzone.com/frontend/vendor/datatables/css/jquery.dataTables.min.css]
[davur.dexignzone.com/frontend/vendor/datatables/js/jquery.dataTables.min.js]
[davur.dexignzone.com/frontend/vendor/imagesloaded/imagesloaded.js]
[davur.dexignzone.com/frontend/vendor/masonry/masonry-4.2.2.js]
[davur.dexignzone.com/frontend/ajax/front-authentication.html]
[davur.dexignzone.com/frontend/vendor/jquery-asColorPicker/images/transparent.png]
[davur.dexignzone.com/frontend/vendor/jquery-asColorPicker/images/saturation.png]
[davur.dexignzone.com/frontend/vendor/jquery-asColorPicker/images/hue.png]
[davur.dexignzone.com/frontend/vendor/jquery-asColorPicker/images/alpha.png]
[davur.dexignzone.com/frontend/vendor/jquery-asColorPicker/css/asColorPicker.min.css]
[davur.dexignzone.com/frontend/vendor/jquery-asColor/jquery-asColor.min.js]
[davur.dexignzone.com/frontend/vendor/jquery-asGradient/jquery-asGradient.min.js]
[davur.dexignzone.com/frontend/vendor/jquery-asColorPicker/js/jquery-asColorPicker.min.js]
[davur.dexignzone.com/frontend/js/plugins-init/jquery-asColorPicker.init.js]
[davur.dexignzone.com/frontend/page-login.html]
[davur.dexignzone.com/frontend/page-register.html]
[davur.dexignzone.com/frontend/icons/simple-line-icons/fonts/Simple-Line-Icons4c824c82.svg]
[davur.dexignzone.com/frontend/icons/font-awesome/webfonts/fa-brands-400.svg]
[davur.dexignzone.com/frontend/icons/font-awesome/webfonts/fa-regular-400.svg]
[davur.dexignzone.com/frontend/icons/font-awesome/webfonts/fa-solid-900.svg]
[davur.dexignzone.com/frontend/icons/material-design-iconic-font/fonts/materialdesignicons-webfont683c.svg]
[davur.dexignzone.com/frontend/icons/themify-icons/fonts/themify9f249f24.svg]
[davur.dexignzone.com/frontend/icons/line-awesome/fonts/la-brands-400.svg]
[davur.dexignzone.com/frontend/icons/line-awesome/fonts/la-regular-400.svg]
[davur.dexignzone.com/frontend/icons/line-awesome/fonts/la-solid-900.svg]
[davur.dexignzone.com/frontend/icons/avasta/fonts/avasta.svg]
[davur.dexignzone.com/frontend/icons/flaticon/Flaticon.svg]
[davur.dexignzone.com/frontend/icons/icomoon/fonts/icomoon.svg]
[davur.dexignzone.com/frontend/page-login.html]
